// Jest Snapshot v1, https://goo.gl/fbAQLP

exports[`Test <TabPanel /> should match TabPanel snapshot test 1`] = `
<div>
  <div
    class="makeStyles-root-1 makeStyles-root-14"
  >
    <div
      class="makeStyles-panel-2"
    >
      <div
        class="MuiContainer-root MuiContainer-maxWidthLg"
      >
        <div
          class="MuiGrid-root makeStyles-detailsPanelContainer-9"
        >
          <div
            class="makeStyles-detailsPanel-10"
          >
            <div
              class="MuiGrid-root MuiGrid-container"
            >
              <div
                class="MuiGrid-root makeStyles-tabPanelContainer-4 MuiGrid-item"
              >
                <div
                  class="MuiGrid-root MuiGrid-container MuiGrid-spacing-xs-1 MuiGrid-direction-xs-column MuiGrid-justify-content-xs-space-between"
                >
                  <h1
                    class="MuiTypography-root MuiTypography-h6"
                  >
                    Test tab 1 title
                  </h1>
                  <p
                    class="MuiTypography-root makeStyles-text-6 MuiTypography-body1"
                  >
                    Test tab 1 subtitle
                  </p>
                </div>
              </div>
            </div>
            <div
              class="MuiGrid-root"
            >
              <div>
                Test Panel One
              </div>
            </div>
          </div>
          <div
            class="MuiGrid-root makeStyles-receiptPanel-12"
          />
        </div>
      </div>
    </div>
    <div
      class="MuiDrawer-root MuiDrawer-docked makeStyles-drawer-16"
      data-test-id="flowPanel"
    >
      <div
        class="MuiPaper-root MuiDrawer-paper makeStyles-drawerPaper-17 MuiDrawer-paperAnchorRight MuiDrawer-paperAnchorDockedRight MuiPaper-elevation0"
        style="visibility: hidden; webkit-transform: translateX(1024px) translateX(0px); transform: translateX(1024px) translateX(0px);"
      >
        <div
          class="MuiBox-root MuiBox-root-21 makeStyles-flowBoxWrapper-18"
        >
          <div
            class="MuiBox-root MuiBox-root-22 makeStyles-flowBox-19"
          >
            <h1
              class="MuiTypography-root MuiTypography-h6"
            >
              Flow
            </h1>
            <pre
              class="makeStyles-flowContent-20"
            >
              
              
# ----------- STATUS -----------

# POSID: test
# EFTPOS: 192.168.1.10
# SPI STATUS: Unpaired
# FLOW: null

# ------------------------------
# POS: - Spi: -
  
            </pre>
          </div>
        </div>
      </div>
    </div>
  </div>
</div>
`;
