// Jest Snapshot v1, https://goo.gl/fbAQLP

exports[`Test <FlowPanel /> should match FlowPanel snapshot test 1`] = `
<div>
  <div
    class="MuiDrawer-root MuiDrawer-docked makeStyles-drawer-1"
    data-test-id="flowPanel"
  >
    <div
      class="MuiPaper-root MuiDrawer-paper makeStyles-drawerPaper-2 MuiDrawer-paperAnchorRight MuiDrawer-paperAnchorDockedRight MuiPaper-elevation0"
      style="visibility: hidden; webkit-transform: translateX(1024px) translateX(0px); transform: translateX(1024px) translateX(0px);"
    >
      <div
        class="MuiBox-root MuiBox-root-6 makeStyles-flowBoxWrapper-3"
      >
        <div
          class="MuiBox-root MuiBox-root-7 makeStyles-flowBox-4"
        >
          <h1
            class="MuiTypography-root MuiTypography-h6"
          >
            Flow
          </h1>
          <h6>
            Flow
          </h6>
          <p>
            Mock flow panel content
          </p>
        </div>
      </div>
    </div>
  </div>
</div>
`;
