// Jest Snapshot v1, https://goo.gl/fbAQLP

exports[`Test <Snackbar /> should match Snackbar snapshot test 1`] = `
<div>
  <div
    class="MuiSnackbar-root MuiSnackbar-anchorOriginBottomCenter"
  >
    <div
      class="MuiPaper-root MuiSnackbarContent-root MuiPaper-elevation6"
      direction="up"
      role="alert"
      style="opacity: 1; transform: scale(1, 1); transition: opacity 225ms cubic-bezier(0.4, 0, 0.2, 1) 0ms,transform 150ms cubic-bezier(0.4, 0, 0.2, 1) 0ms;"
    >
      <div
        class="MuiSnackbarContent-message"
      />
    </div>
  </div>
</div>
`;
