// Jest Snapshot v1, https://goo.gl/fbAQLP

exports[`Test <ReceiptPanel /> should match ReceiptPanel snapshot test 1`] = `
<div>
  <div
    class="MuiBox-root MuiBox-root-3 makeStyles-receiptBoxWrapper-1"
  >
    <div
      class="MuiBox-root MuiBox-root-4 makeStyles-receiptBox-2"
    >
      <h1
        class="MuiTypography-root MuiTypography-h6"
      >
        Receipt
      </h1>
      <pre />
    </div>
  </div>
</div>
`;
